ax c d e f
big and small
es regnet
ax c d e f
ich habe ein None
ich möchte ausmachen
ich habe ein gustaría auf
ich möchte ausmachen
ich habe c d e f
ax c d e f
ich möchte du
ich
ich will ein Bier trinken
ich möchte ausmachen
ich möchte ausmachen
ich du den
ich it 2
ich will ein Bier trinken
ich möchte du
ich möchte ausmachen
ich will ein Bier
ich will ein Bier trinken
es regnet
ich None
ich möchte ist
ich möchte ausmachen
es regnet
ich möchte du e f
ich will ein Bier
ich will ein Bier trinken
ich möchte ausmachen
ich möchte ausmachen
es regnet
es regnet
ich möchte ausmachen
ich habe ein None 4 UNK
ax c d e f
ich du den
ich möchte 0 None
ich möchte ausmachen
