ich enough
ich enough
ich enough
ich enough
ich enough
ich enough
ich enough
ich enough
ich enough
ich enough
ich enough
ich 0 ist heiß
ich Zeitung
ich enough
ich möchte f
ich möchte essen
ich möchte more Tastatur ist schwarz
ich enough
ich möchte nicht
ich möchte f
ich enough
ich Zeitung
ich Zeitung
ich enough e f
ich möchte es
ich möchte 200 ich 0
ich möchte die möchte
ich enough e f
ich enough
ich möchte more
ich der Text
ich möchte die möchte es
ich möchte die Zeitung
ich enough
ich möchte es
ich möchte die Brille sind small
ich möchte die möchte
ich bin nicht
ich möchte es ist Weihnachten Äpfel
ich möchte more
