a b c d e f
big and small
1 1 d e 2 0 None 4 UNK
a b c d e f
this is a long text
i need more sentences
does it work
it is enough
should i use capital letters
ax bx
der wagen ist neu
es ist heiß
ich will ein Bier trinken
er liehst
es regnet
warum ist der Text auf Deutsch geschrieben
mann muss jede Tag die Zähne putzen
ich möchte 200 Meter rennen
ich bin nicht sicher
es ist Weihnachten früh
ich mache viele Fehlen
ab de ef gh
ich bin nicht sicher
ich möchte nach Deutschland fahren
te quiero
ich möchte 200 Meter rennen
es regnet
1 d e 2 0 None None None None
der Tisch ist groß
er liehst die Zeitung
wir essen Äpfel
er hat deine Tasche gestohlen
eins zwei drei vier fünf sechs
1 2 3 4 5 6
null
ich habe am Eingang meinen Name auf ein Papier geschrieben
dieses Bett ist nicht sehr bequem
kannst du den Fernseher ausmachen
was essen wir für Mittagessen
ich möchte nach Deutschland fahren
