a b c d e f
ab de ef gh
ich möchte 200 Meter
a b c d e f
mein Sohn ist groß
i need more sentences
does it work
it is enough
should i use capital letters
ax bx
der wagen ist neu
es ist heiß
ich will ein Bier trinken
das Tastatur ist schwarz
mein Sohn ist krank
das Tastatur ist schwarz
mann muss jede Tag die Zähne putzen
eins zwei drei vier fünf
ich bin nicht sicher
es ist Weihnachten früh
ich mache viele Fehlen
ab de ef gh
u8 i78 o0 u7 i98
me gustaría comer un pastél
te quiero
ich möchte 200 Meter rennen
es regnet
die Brille sind rot
der Tisch ist groß
es regnet
ich möchte
er hat deine Tasche gestohlen
eins zwei drei vier fünf sechs
1 2 3 4 5 6
null
ich habe am Eingang meinen Name auf ein Papier geschrieben
dieses Bett ist nicht sehr bequem
kannst du den Fernseher ausmachen
was essen wir für Mittagessen
ich möchte nach Deutschland fahren
