a b c d e f
big and small
ich bin 3 4 UNK
a b c d e f
this is a long text
i need more sentences
does it work
it is enough
should i use capital letters
ich möchte 200
der wagen ist neu
es ist heiß
ich will ein Bier trinken
er liehst die Zeitung
mein Sohn ist krank
warum ist der Text auf Deutsch geschrieben
darf ich möchte nach Deutschland fahren
ich möchte nach Deutschland fahren
ich bin nicht sicher
es ist Weihnachten früh
ich mache viele Fehlen
ab de ef gh
u8 i78 o0 u7 i98
me gustaría comer un pastél
ich mache viele Fehlen
ich möchte 200 Meter rennen
es regnet
die Brille sind rot
der Tisch ist groß
es regnet
ich möchte
er hat deine Tasche gestohlen
eins zwei drei vier fünf sechs
1 2 3 4 5 6
null
ich habe am Eingang meinen Name auf ein Papier geschrieben
dieses Bett ist nicht sehr bequem
kannst du den Fernseher ausmachen
was essen wir für Mittagessen
ich möchte nach Deutschland fahren
