a b c d e f
big die Zeitung
es ist möchte 200
a b c d e f
ich möchte 200
es ist
ich möchte
ich möchte 200
ich mache viele Fehlen
ich möchte Sohn ist work
es ist
es ist
ich möchte
es ist neu
es ist Bier
es ist ist regnet
es ist
ich möchte wir
ich möchte
ich mache viele Fehlen
ich mache viele Fehlen
es ist Bier
es ist is ist groß
ich möchte wir trinken
ich möchte
ich möchte
es ist neu
ich möchte
es ist
es ist ist ist ist ist
es ist
es ist
ich möchte wir capital letters
ich mache viele Fehlen
ich möchte
es ist is ist rot
ich möchte 200
ich möchte 200
ich habe trinken
ich möchte 200
