es e f
es e
es regnet
es e f
ich möchte nach
er zwei Weihnachten viele
ich
ich möchte nach
es e f
es regnet
es e
es ist
ich möchte viele
es e
es regnet
ich möchte viele auf ein Text
ich möchte nach o0
ich bin nicht ein
ich bin nicht ein
ich
ich d e
er zwei drei b früh
ich bin e o0
ich möchte nach
ich
ich bin nicht ein
es regnet
ich möchte viele f e f
ich möchte nach
es regnet
ich möchte viele
es regnet
er hat a long e
ich möchte nach o0
es
ich möchte viele o0
es e o0
es regnet
es regnet
ich möchte nach
